GAMS 44.1.1  27c4d1f8 Aug 3, 2023           WEX-WEI x86 64bit/MS Windows - 09/06/23 15:01:35 Page 1
G e n e r a l   A l g e b r a i c   M o d e l i n g   S y s t e m
C o m p i l a t i o n


       
      - Paola Andrea Campiño p.campino
      - Daniel Alfonso Pilimur da.garciap1
       
       
   8   
   9   
  10  sets
  11  i valor /a1*a5/
  12  j peso /c1*c5/;
  13   
  14  Parameter a(i) valor de cada articulo
  15      /a1 12, a2 5, a3 9, a4 6, a5 4 /;
  16   
  17   
  18  Parameter c(j) peso de cada articulo
  19      /c1 9, c2 2, c3 2, c4 1, c5 3 /;
  20   
  21  Variables
  22  x(i)
  23   
  24  z       funcionObjetivo  ;
  25   
  26  Binary Variable x;
  27   
  28  Equations
  29   
  30  funcionObjetivo funcion objetivo
  31   
  32  peso restriccíon de peso
  33  ;
  34   
  35  funcionObjetivo                                  ..  z =e= sum((i), a(i) * x(i));
  36  peso                                             ..  sum((j,i)$(ord(j)=ord(i)), c(j) * x(i)) =l= 10;
  37   
  38   
  39   
  40   
  41  Model model1 /all/ ;
  42   
  43  option mip=CPLEX;
  44  Solve model1 using mip maximizing z;
  45  Display x.l;
  46  Display peso.l;
  47   
  48  Display z.l;
  49   
  50   
  51   


COMPILATION TIME     =        0.000 SECONDS      3 MB  44.1.1 27c4d1f8 WEX-WEI
GAMS 44.1.1  27c4d1f8 Aug 3, 2023           WEX-WEI x86 64bit/MS Windows - 09/06/23 15:01:35 Page 2
G e n e r a l   A l g e b r a i c   M o d e l i n g   S y s t e m
Equation Listing    SOLVE model1 Using MIP From line 44


---- funcionObjetivo  =E=  funcion objetivo

funcionObjetivo..  - 12*x(a1) - 5*x(a2) - 9*x(a3) - 6*x(a4) - 4*x(a5) + z =E= 0 ; (LHS = 0)
     

---- peso  =L=  restriccíon de peso

peso..  9*x(a1) + 2*x(a2) + 2*x(a3) + x(a4) + 3*x(a5) =L= 10 ; (LHS = 0)
     
GAMS 44.1.1  27c4d1f8 Aug 3, 2023           WEX-WEI x86 64bit/MS Windows - 09/06/23 15:01:35 Page 3
G e n e r a l   A l g e b r a i c   M o d e l i n g   S y s t e m
Column Listing      SOLVE model1 Using MIP From line 44


---- x  

x(a1)
                (.LO, .L, .UP, .M = 0, 0, 1, 0)
      -12       funcionObjetivo
        9       peso

x(a2)
                (.LO, .L, .UP, .M = 0, 0, 1, 0)
       -5       funcionObjetivo
        2       peso

x(a3)
                (.LO, .L, .UP, .M = 0, 0, 1, 0)
       -9       funcionObjetivo
        2       peso

REMAINING 2 ENTRIES SKIPPED

---- z  funcionObjetivo

z
                (.LO, .L, .UP, .M = -INF, 0, +INF, 0)
        1       funcionObjetivo

GAMS 44.1.1  27c4d1f8 Aug 3, 2023           WEX-WEI x86 64bit/MS Windows - 09/06/23 15:01:35 Page 4
G e n e r a l   A l g e b r a i c   M o d e l i n g   S y s t e m
Range Statistics    SOLVE model1 Using MIP From line 44


RANGE STATISTICS (ABSOLUTE NON-ZERO FINITE VALUES)

RHS       [min, max] : [ 1.000E+01, 1.000E+01] - Zero values observed as well
Bound     [min, max] : [ 1.000E+00, 1.000E+00] - Zero values observed as well
Matrix    [min, max] : [ 1.000E+00, 1.200E+01]

GAMS 44.1.1  27c4d1f8 Aug 3, 2023           WEX-WEI x86 64bit/MS Windows - 09/06/23 15:01:35 Page 5
G e n e r a l   A l g e b r a i c   M o d e l i n g   S y s t e m
Model Statistics    SOLVE model1 Using MIP From line 44


MODEL STATISTICS

BLOCKS OF EQUATIONS           2     SINGLE EQUATIONS            2
BLOCKS OF VARIABLES           2     SINGLE VARIABLES            6
NON ZERO ELEMENTS            11     DISCRETE VARIABLES          5


GENERATION TIME      =        0.016 SECONDS      4 MB  44.1.1 27c4d1f8 WEX-WEI
GAMS 44.1.1  27c4d1f8 Aug 3, 2023           WEX-WEI x86 64bit/MS Windows - 09/06/23 15:01:35 Page 6
G e n e r a l   A l g e b r a i c   M o d e l i n g   S y s t e m
Solution Report     SOLVE model1 Using MIP From line 44


               S O L V E      S U M M A R Y

     MODEL   model1              OBJECTIVE  z
     TYPE    MIP                 DIRECTION  MAXIMIZE
     SOLVER  CPLEX               FROM LINE  44

**** SOLVER STATUS     1 Normal Completion
**** MODEL STATUS      1 Optimal
**** OBJECTIVE VALUE               24.0000

 RESOURCE USAGE, LIMIT          0.047 10000000000.000
 ITERATION COUNT, LIMIT         1    2147483647
--- *** This solver runs with a demo license. No commercial use.
--- GMO setup time: 0.00s
--- GMO memory 0.50 Mb (peak 0.50 Mb)
--- Dictionary memory 0.00 Mb
--- Cplex 22.1.1.0 link memory 0.00 Mb (peak 0.00 Mb)
--- Starting Cplex


--- MIP status (101): integer optimal solution.
--- Cplex Time: 0.05sec (det. 0.03 ticks)

--- Returning a primal only solution to GAMS (marginals all set to NA).
--- Fixing integer variables and solving final LP...


--- Fixed MIP status (1): optimal.
--- Cplex Time: 0.00sec (det. 0.00 ticks)


Proven optimal solution
MIP Solution:           24.000000    (1 iterations, 0 nodes)
Final Solve:            24.000000    (0 iterations)

Best possible:          24.000000
Absolute gap:            0.000000
Relative gap:            0.000000


                           LOWER          LEVEL          UPPER         MARGINAL

---- EQU funcionOb~          .              .              .             1.0000      
---- EQU peso              -INF            8.0000        10.0000          .          

  funcionObjetivo  funcion objetivo
  peso  restriccíon de peso

---- VAR x  

          LOWER          LEVEL          UPPER         MARGINAL

a1          .              .             1.0000        12.0000      
a2          .             1.0000         1.0000         5.0000      
a3          .             1.0000         1.0000         9.0000      
a4          .             1.0000         1.0000         6.0000      
a5          .             1.0000         1.0000         4.0000      

                           LOWER          LEVEL          UPPER         MARGINAL

---- VAR z                 -INF           24.0000        +INF             .          

  z  funcionObjetivo


**** REPORT SUMMARY :        0     NONOPT
                             0 INFEASIBLE
                             0  UNBOUNDED
GAMS 44.1.1  27c4d1f8 Aug 3, 2023           WEX-WEI x86 64bit/MS Windows - 09/06/23 15:01:35 Page 7
G e n e r a l   A l g e b r a i c   M o d e l i n g   S y s t e m
E x e c u t i o n


----     45 VARIABLE x.L  

a2 1.000,    a3 1.000,    a4 1.000,    a5 1.000


----     46 EQUATION peso.L                =        8.000  restriccíon de peso

----     48 VARIABLE z.L                   =       24.000  funcionObjetivo


EXECUTION TIME       =        0.172 SECONDS      4 MB  44.1.1 27c4d1f8 WEX-WEI


USER: GAMS Demo license for Paola Campino            G230808|0002CO-GEN
      Universidad de los Andes, Colombia                       DL096105


**** FILE SUMMARY

Input      C:\Users\El supremo\Documents\MOS\Laboratorio 1\Ejercicio1.gms
Output     C:\Users\El supremo\Documents\MOS\Laboratorio 1\Ejercicio1.lst
